// Jest Snapshot v1, https://goo.gl/fbAQLP

exports[`Error component renders default form 1`] = `
<div
  className="error-container"
>
  <p />
  <button
    onClick={[Function]}
    type="button"
  >
    <i
      className="fas fa-times"
    />
  </button>
</div>
`;

exports[`Error component renders the UI as expected 1`] = `
<div
  className="error-container"
>
  <p>
    Test Error message
  </p>
  <button
    onClick={[Function]}
    type="button"
  >
    <i
      className="fas fa-times"
    />
  </button>
</div>
`;
