// Jest Snapshot v1, https://goo.gl/fbAQLP

exports[`GamePage component renders the UI as expected 1`] = `
<div>
  Loading...
</div>
`;
