// Jest Snapshot v1, https://goo.gl/fbAQLP

exports[`Modal component renders the UI as expected 1`] = `null`;
